2026-04-08T17:53:54.403+08:00  INFO 602 --- [jchatmind] [restartedMain] [traceId=,spanId=] c.kama.jchatmind.JchatmindApplication    : Starting JchatmindApplication using Java 17.0.18 with PID 602 (/Users/dongmu/Downloads/java项目/JChatMind-main/jchatmind/target/classes started by dongmu in /Users/dongmu/Downloads/java项目/JChatMind-main)
2026-04-08T17:53:54.405+08:00  INFO 602 --- [jchatmind] [restartedMain] [traceId=,spanId=] c.kama.jchatmind.JchatmindApplication    : No active profile set, falling back to 1 default profile: "default"
2026-04-08T17:53:54.421+08:00  INFO 602 --- [jchatmind] [restartedMain] [traceId=,spanId=] .e.DevToolsPropertyDefaultsPostProcessor : Devtools property defaults active! Set 'spring.devtools.add-properties' to 'false' to disable
2026-04-08T17:53:54.421+08:00  INFO 602 --- [jchatmind] [restartedMain] [traceId=,spanId=] .e.DevToolsPropertyDefaultsPostProcessor : For additional web related logging consider setting the 'logging.level.web' property to 'DEBUG'
2026-04-08T17:53:55.681+08:00  INFO 602 --- [jchatmind] [restartedMain] [traceId=,spanId=] o.s.b.w.embedded.tomcat.TomcatWebServer  : Tomcat initialized with port 8080 (http)
2026-04-08T17:53:55.687+08:00  INFO 602 --- [jchatmind] [restartedMain] [traceId=,spanId=] o.apache.catalina.core.StandardService   : Starting service [Tomcat]
2026-04-08T17:53:55.688+08:00  INFO 602 --- [jchatmind] [restartedMain] [traceId=,spanId=] o.apache.catalina.core.StandardEngine    : Starting Servlet engine: [Apache Tomcat/10.1.49]
2026-04-08T17:53:55.703+08:00  INFO 602 --- [jchatmind] [restartedMain] [traceId=,spanId=] o.a.c.c.C.[Tomcat].[localhost].[/]       : Initializing Spring embedded WebApplicationContext
2026-04-08T17:53:55.704+08:00  INFO 602 --- [jchatmind] [restartedMain] [traceId=,spanId=] w.s.c.ServletWebServerApplicationContext : Root WebApplicationContext: initialization completed in 1283 ms
2026-04-08T17:53:57.070+08:00  INFO 602 --- [jchatmind] [restartedMain] [traceId=,spanId=] o.s.b.d.a.OptionalLiveReloadServer       : LiveReload server is running on port 35729
2026-04-08T17:53:57.076+08:00  INFO 602 --- [jchatmind] [restartedMain] [traceId=,spanId=] o.s.b.a.e.web.EndpointLinksResolver      : Exposing 4 endpoints beneath base path '/actuator'
2026-04-08T17:53:57.164+08:00  INFO 602 --- [jchatmind] [restartedMain] [traceId=,spanId=] o.s.b.w.embedded.tomcat.TomcatWebServer  : Tomcat started on port 8080 (http) with context path '/'
2026-04-08T17:53:57.176+08:00  INFO 602 --- [jchatmind] [restartedMain] [traceId=,spanId=] c.kama.jchatmind.JchatmindApplication    : Started JchatmindApplication in 2.992 seconds (process running for 3.392)
2026-04-08T17:53:57.289+08:00  INFO 602 --- [jchatmind] [http-nio-8080-exec-1] [traceId=,spanId=] o.a.c.c.C.[Tomcat].[localhost].[/]       : Initializing Spring DispatcherServlet 'dispatcherServlet'
2026-04-08T17:53:57.289+08:00  INFO 602 --- [jchatmind] [http-nio-8080-exec-1] [traceId=,spanId=] o.s.web.servlet.DispatcherServlet        : Initializing Servlet 'dispatcherServlet'
2026-04-08T17:53:57.294+08:00  INFO 602 --- [jchatmind] [http-nio-8080-exec-1] [traceId=,spanId=] o.s.web.servlet.DispatcherServlet        : Completed initialization in 5 ms
2026-04-08T17:53:57.398+08:00  INFO 602 --- [jchatmind] [RMI TCP Connection(3)-127.0.0.1] [traceId=,spanId=] com.zaxxer.hikari.HikariDataSource       : HikariPool-1 - Starting...
2026-04-08T17:53:57.516+08:00  INFO 602 --- [jchatmind] [RMI TCP Connection(3)-127.0.0.1] [traceId=,spanId=] com.zaxxer.hikari.pool.HikariPool        : HikariPool-1 - Added connection org.postgresql.jdbc.PgConnection@c4e3529
2026-04-08T17:53:57.518+08:00  INFO 602 --- [jchatmind] [RMI TCP Connection(3)-127.0.0.1] [traceId=,spanId=] com.zaxxer.hikari.HikariDataSource       : HikariPool-1 - Start completed.
2026-04-08T17:55:13.558+08:00  WARN 602 --- [jchatmind] [HikariPool-1:housekeeper] [traceId=,spanId=] com.zaxxer.hikari.pool.HikariPool        : HikariPool-1 - Thread starvation or clock leap detected (housekeeper delta=45s933ms).
2026-04-08T17:57:46.793+08:00  WARN 602 --- [jchatmind] [HikariPool-1:housekeeper] [traceId=,spanId=] com.zaxxer.hikari.pool.PoolBase          : HikariPool-1 - Failed to validate connection org.postgresql.jdbc.PgConnection@1b992dc1 (This connection has been closed.). Possibly consider using a shorter maxLifetime value.
2026-04-08T17:57:55.508+08:00  WARN 602 --- [jchatmind] [HikariPool-1:housekeeper] [traceId=,spanId=] com.zaxxer.hikari.pool.PoolBase          : HikariPool-1 - Failed to validate connection org.postgresql.jdbc.PgConnection@1514d508 (This connection has been closed.). Possibly consider using a shorter maxLifetime value.
2026-04-08T17:57:58.095+08:00  WARN 602 --- [jchatmind] [HikariPool-1:housekeeper] [traceId=,spanId=] com.zaxxer.hikari.pool.PoolBase          : HikariPool-1 - Failed to validate connection org.postgresql.jdbc.PgConnection@21cea0c (This connection has been closed.). Possibly consider using a shorter maxLifetime value.
2026-04-08T17:57:59.047+08:00  WARN 602 --- [jchatmind] [HikariPool-1:housekeeper] [traceId=,spanId=] com.zaxxer.hikari.pool.PoolBase          : HikariPool-1 - Failed to validate connection org.postgresql.jdbc.PgConnection@35a6b8b (This connection has been closed.). Possibly consider using a shorter maxLifetime value.
2026-04-08T17:57:59.456+08:00  INFO 602 --- [jchatmind] [SpringApplicationShutdownHook] [traceId=,spanId=] o.s.b.w.e.tomcat.GracefulShutdown        : Commencing graceful shutdown. Waiting for active requests to complete
2026-04-08T17:58:00.376+08:00  WARN 602 --- [jchatmind] [HikariPool-1:housekeeper] [traceId=,spanId=] com.zaxxer.hikari.pool.PoolBase          : HikariPool-1 - Failed to validate connection org.postgresql.jdbc.PgConnection@30d5427d (This connection has been closed.). Possibly consider using a shorter maxLifetime value.
