[INFO] Scanning for projects...
[INFO] 
[INFO] -------------------------< com.kama:jchatmind >-------------------------
[INFO] Building jchatmind 0.0.1-SNAPSHOT
[INFO]   from pom.xml
[INFO] --------------------------------[ jar ]---------------------------------
[INFO] 
[INFO] >>> spring-boot:3.5.8:run (default-cli) > test-compile @ jchatmind >>>
[INFO] 
[INFO] --- resources:3.3.1:resources (default-resources) @ jchatmind ---
[INFO] Copying 1 resource from src/main/resources to target/classes
[INFO] Copying 7 resources from src/main/resources to target/classes
[INFO] 
[INFO] --- compiler:3.14.1:compile (default-compile) @ jchatmind ---
[INFO] Nothing to compile - all classes are up to date.
[INFO] 
[INFO] --- resources:3.3.1:testResources (default-testResources) @ jchatmind ---
[INFO] skip non existing resourceDirectory /Users/dongmu/Downloads/java项目/JChatMind-main/jchatmind/src/test/resources
[INFO] 
[INFO] --- compiler:3.14.1:testCompile (default-testCompile) @ jchatmind ---
[INFO] Nothing to compile - all classes are up to date.
[INFO] 
[INFO] <<< spring-boot:3.5.8:run (default-cli) < test-compile @ jchatmind <<<
[INFO] 
[INFO] 
[INFO] --- spring-boot:3.5.8:run (default-cli) @ jchatmind ---
[INFO] Attaching agents: []

  .   ____          _            __ _ _
 /\\ / ___'_ __ _ _(_)_ __  __ _ \ \ \ \
( ( )\___ | '_ | '_| | '_ \/ _` | \ \ \ \
 \\/  ___)| |_)| | | | | || (_| |  ) ) ) )
  '  |____| .__|_| |_|_| |_\__, | / / / /
 =========|_|==============|___/=/_/_/_/

 :: Spring Boot ::                (v3.5.8)

2026-03-27T17:19:39.099+08:00  INFO 10221 --- [jchatmind] [  restartedMain] c.kama.jchatmind.JchatmindApplication    : Starting JchatmindApplication using Java 17.0.18 with PID 10221 (/Users/dongmu/Downloads/java项目/JChatMind-main/jchatmind/target/classes started by dongmu in /Users/dongmu/Downloads/java项目/JChatMind-main/jchatmind)
2026-03-27T17:19:39.100+08:00  INFO 10221 --- [jchatmind] [  restartedMain] c.kama.jchatmind.JchatmindApplication    : No active profile set, falling back to 1 default profile: "default"
2026-03-27T17:19:39.127+08:00  INFO 10221 --- [jchatmind] [  restartedMain] .e.DevToolsPropertyDefaultsPostProcessor : Devtools property defaults active! Set 'spring.devtools.add-properties' to 'false' to disable
2026-03-27T17:19:39.127+08:00  INFO 10221 --- [jchatmind] [  restartedMain] .e.DevToolsPropertyDefaultsPostProcessor : For additional web related logging consider setting the 'logging.level.web' property to 'DEBUG'
2026-03-27T17:19:39.717+08:00  INFO 10221 --- [jchatmind] [  restartedMain] o.s.b.w.embedded.tomcat.TomcatWebServer  : Tomcat initialized with port 8080 (http)
2026-03-27T17:19:39.724+08:00  INFO 10221 --- [jchatmind] [  restartedMain] o.apache.catalina.core.StandardService   : Starting service [Tomcat]
2026-03-27T17:19:39.724+08:00  INFO 10221 --- [jchatmind] [  restartedMain] o.apache.catalina.core.StandardEngine    : Starting Servlet engine: [Apache Tomcat/10.1.49]
2026-03-27T17:19:39.740+08:00  INFO 10221 --- [jchatmind] [  restartedMain] o.a.c.c.C.[Tomcat].[localhost].[/]       : Initializing Spring embedded WebApplicationContext
2026-03-27T17:19:39.741+08:00  INFO 10221 --- [jchatmind] [  restartedMain] w.s.c.ServletWebServerApplicationContext : Root WebApplicationContext: initialization completed in 612 ms
2026-03-27T17:19:40.282+08:00  INFO 10221 --- [jchatmind] [  restartedMain] o.s.b.d.a.OptionalLiveReloadServer       : LiveReload server is running on port 35729
2026-03-27T17:19:40.298+08:00  INFO 10221 --- [jchatmind] [  restartedMain] o.s.b.w.embedded.tomcat.TomcatWebServer  : Tomcat started on port 8080 (http) with context path '/'
2026-03-27T17:19:40.304+08:00  INFO 10221 --- [jchatmind] [  restartedMain] c.kama.jchatmind.JchatmindApplication    : Started JchatmindApplication in 1.48 seconds (process running for 1.653)
2026-03-27T17:19:40.980+08:00  INFO 10221 --- [jchatmind] [nio-8080-exec-1] o.a.c.c.C.[Tomcat].[localhost].[/]       : Initializing Spring DispatcherServlet 'dispatcherServlet'
2026-03-27T17:19:40.980+08:00  INFO 10221 --- [jchatmind] [nio-8080-exec-1] o.s.web.servlet.DispatcherServlet        : Initializing Servlet 'dispatcherServlet'
2026-03-27T17:19:40.981+08:00  INFO 10221 --- [jchatmind] [nio-8080-exec-1] o.s.web.servlet.DispatcherServlet        : Completed initialization in 1 ms
2026-03-27T17:20:22.332+08:00  INFO 10221 --- [jchatmind] [nio-8080-exec-2] com.zaxxer.hikari.HikariDataSource       : HikariPool-1 - Starting...
2026-03-27T17:20:22.433+08:00  INFO 10221 --- [jchatmind] [nio-8080-exec-2] com.zaxxer.hikari.pool.HikariPool        : HikariPool-1 - Added connection org.postgresql.jdbc.PgConnection@5cff384
2026-03-27T17:20:22.434+08:00  INFO 10221 --- [jchatmind] [nio-8080-exec-2] com.zaxxer.hikari.HikariDataSource       : HikariPool-1 - Start completed.
2026-03-27T17:20:41.823+08:00 ERROR 10221 --- [jchatmind] [  async-event-2] com.kama.jchatmind.agent.JChatMind       : Error running agent

java.lang.RuntimeException: No client found for chatSessionId: 44313630-4e10-4568-9dc8-1a46e8dd6f16
	at com.kama.jchatmind.service.impl.SseServiceImpl.send(SseServiceImpl.java:60) ~[classes/:na]
	at com.kama.jchatmind.agent.JChatMind.refreshPendingMessages(JChatMind.java:214) ~[classes/:na]
	at com.kama.jchatmind.agent.JChatMind.think(JChatMind.java:256) ~[classes/:na]
	at com.kama.jchatmind.agent.JChatMind.step(JChatMind.java:308) ~[classes/:na]
	at com.kama.jchatmind.agent.JChatMind.run(JChatMind.java:325) ~[classes/:na]
	at com.kama.jchatmind.event.listener.ChatEventListener.handle(ChatEventListener.java:22) ~[classes/:na]
	at java.base/jdk.internal.reflect.NativeMethodAccessorImpl.invoke0(Native Method) ~[na:na]
	at java.base/jdk.internal.reflect.NativeMethodAccessorImpl.invoke(NativeMethodAccessorImpl.java:77) ~[na:na]
	at java.base/jdk.internal.reflect.DelegatingMethodAccessorImpl.invoke(DelegatingMethodAccessorImpl.java:43) ~[na:na]
	at java.base/java.lang.reflect.Method.invoke(Method.java:569) ~[na:na]
	at org.springframework.aop.support.AopUtils.invokeJoinpointUsingReflection(AopUtils.java:360) ~[spring-aop-6.2.14.jar:6.2.14]
	at org.springframework.aop.framework.ReflectiveMethodInvocation.invokeJoinpoint(ReflectiveMethodInvocation.java:196) ~[spring-aop-6.2.14.jar:6.2.14]
	at org.springframework.aop.framework.ReflectiveMethodInvocation.proceed(ReflectiveMethodInvocation.java:163) ~[spring-aop-6.2.14.jar:6.2.14]
	at org.springframework.aop.interceptor.AsyncExecutionInterceptor.lambda$invoke$0(AsyncExecutionInterceptor.java:114) ~[spring-aop-6.2.14.jar:6.2.14]
	at java.base/java.util.concurrent.FutureTask.run(FutureTask.java:264) ~[na:na]
	at java.base/java.util.concurrent.ThreadPoolExecutor.runWorker(ThreadPoolExecutor.java:1136) ~[na:na]
	at java.base/java.util.concurrent.ThreadPoolExecutor$Worker.run(ThreadPoolExecutor.java:635) ~[na:na]
	at java.base/java.lang.Thread.run(Thread.java:840) ~[na:na]

2026-03-27T17:20:41.825+08:00 ERROR 10221 --- [jchatmind] [  async-event-2] com.kama.jchatmind.agent.JChatMind       : Failed to send error message to frontend via SSE

java.lang.RuntimeException: No client found for chatSessionId: 44313630-4e10-4568-9dc8-1a46e8dd6f16
	at com.kama.jchatmind.service.impl.SseServiceImpl.send(SseServiceImpl.java:60) ~[classes/:na]
	at com.kama.jchatmind.agent.JChatMind.run(JChatMind.java:346) ~[classes/:na]
	at com.kama.jchatmind.event.listener.ChatEventListener.handle(ChatEventListener.java:22) ~[classes/:na]
	at java.base/jdk.internal.reflect.NativeMethodAccessorImpl.invoke0(Native Method) ~[na:na]
	at java.base/jdk.internal.reflect.NativeMethodAccessorImpl.invoke(NativeMethodAccessorImpl.java:77) ~[na:na]
	at java.base/jdk.internal.reflect.DelegatingMethodAccessorImpl.invoke(DelegatingMethodAccessorImpl.java:43) ~[na:na]
	at java.base/java.lang.reflect.Method.invoke(Method.java:569) ~[na:na]
	at org.springframework.aop.support.AopUtils.invokeJoinpointUsingReflection(AopUtils.java:360) ~[spring-aop-6.2.14.jar:6.2.14]
	at org.springframework.aop.framework.ReflectiveMethodInvocation.invokeJoinpoint(ReflectiveMethodInvocation.java:196) ~[spring-aop-6.2.14.jar:6.2.14]
	at org.springframework.aop.framework.ReflectiveMethodInvocation.proceed(ReflectiveMethodInvocation.java:163) ~[spring-aop-6.2.14.jar:6.2.14]
	at org.springframework.aop.interceptor.AsyncExecutionInterceptor.lambda$invoke$0(AsyncExecutionInterceptor.java:114) ~[spring-aop-6.2.14.jar:6.2.14]
	at java.base/java.util.concurrent.FutureTask.run(FutureTask.java:264) ~[na:na]
	at java.base/java.util.concurrent.ThreadPoolExecutor.runWorker(ThreadPoolExecutor.java:1136) ~[na:na]
	at java.base/java.util.concurrent.ThreadPoolExecutor$Worker.run(ThreadPoolExecutor.java:635) ~[na:na]
	at java.base/java.lang.Thread.run(Thread.java:840) ~[na:na]

2026-03-27T17:20:41.825+08:00 ERROR 10221 --- [jchatmind] [  async-event-2] .a.i.SimpleAsyncUncaughtExceptionHandler : Unexpected exception occurred invoking async method: public void com.kama.jchatmind.event.listener.ChatEventListener.handle(com.kama.jchatmind.event.ChatEvent)

java.lang.RuntimeException: Error running agent
	at com.kama.jchatmind.agent.JChatMind.run(JChatMind.java:357) ~[classes/:na]
	at com.kama.jchatmind.event.listener.ChatEventListener.handle(ChatEventListener.java:22) ~[classes/:na]
	at java.base/jdk.internal.reflect.NativeMethodAccessorImpl.invoke0(Native Method) ~[na:na]
	at java.base/jdk.internal.reflect.NativeMethodAccessorImpl.invoke(NativeMethodAccessorImpl.java:77) ~[na:na]
	at java.base/jdk.internal.reflect.DelegatingMethodAccessorImpl.invoke(DelegatingMethodAccessorImpl.java:43) ~[na:na]
	at java.base/java.lang.reflect.Method.invoke(Method.java:569) ~[na:na]
	at org.springframework.aop.support.AopUtils.invokeJoinpointUsingReflection(AopUtils.java:360) ~[spring-aop-6.2.14.jar:6.2.14]
	at org.springframework.aop.framework.ReflectiveMethodInvocation.invokeJoinpoint(ReflectiveMethodInvocation.java:196) ~[spring-aop-6.2.14.jar:6.2.14]
	at org.springframework.aop.framework.ReflectiveMethodInvocation.proceed(ReflectiveMethodInvocation.java:163) ~[spring-aop-6.2.14.jar:6.2.14]
	at org.springframework.aop.interceptor.AsyncExecutionInterceptor.lambda$invoke$0(AsyncExecutionInterceptor.java:114) ~[spring-aop-6.2.14.jar:6.2.14]
	at java.base/java.util.concurrent.FutureTask.run(FutureTask.java:264) ~[na:na]
	at java.base/java.util.concurrent.ThreadPoolExecutor.runWorker(ThreadPoolExecutor.java:1136) ~[na:na]
	at java.base/java.util.concurrent.ThreadPoolExecutor$Worker.run(ThreadPoolExecutor.java:635) ~[na:na]
	at java.base/java.lang.Thread.run(Thread.java:840) ~[na:na]
Caused by: java.lang.RuntimeException: No client found for chatSessionId: 44313630-4e10-4568-9dc8-1a46e8dd6f16
	at com.kama.jchatmind.service.impl.SseServiceImpl.send(SseServiceImpl.java:60) ~[classes/:na]
	at com.kama.jchatmind.agent.JChatMind.refreshPendingMessages(JChatMind.java:214) ~[classes/:na]
	at com.kama.jchatmind.agent.JChatMind.think(JChatMind.java:256) ~[classes/:na]
	at com.kama.jchatmind.agent.JChatMind.step(JChatMind.java:308) ~[classes/:na]
	at com.kama.jchatmind.agent.JChatMind.run(JChatMind.java:325) ~[classes/:na]
	... 13 common frames omitted

2026-03-27T17:23:26.958+08:00  INFO 10221 --- [jchatmind] [   File Watcher] rtingClassPathChangeChangedEventListener : Restarting due to 1 class path change (0 additions, 0 deletions, 1 modification)
2026-03-27T17:23:26.963+08:00  INFO 10221 --- [jchatmind] [       Thread-5] o.s.b.w.e.tomcat.GracefulShutdown        : Commencing graceful shutdown. Waiting for active requests to complete
2026-03-27T17:23:56.975+08:00  INFO 10221 --- [jchatmind] [       Thread-5] o.s.c.support.DefaultLifecycleProcessor  : Shutdown phase 2147482623 ends with 1 bean still running after timeout of 30000ms: [webServerGracefulShutdown]
2026-03-27T17:23:56.984+08:00  INFO 10221 --- [jchatmind] [       Thread-5] com.zaxxer.hikari.HikariDataSource       : HikariPool-1 - Shutdown initiated...
2026-03-27T17:23:56.986+08:00  INFO 10221 --- [jchatmind] [       Thread-5] com.zaxxer.hikari.HikariDataSource       : HikariPool-1 - Shutdown completed.
2026-03-27T17:23:57.015+08:00  INFO 10221 --- [jchatmind] [tomcat-shutdown] o.s.b.w.e.tomcat.GracefulShutdown        : Graceful shutdown aborted with one or more requests still active

  .   ____          _            __ _ _
 /\\ / ___'_ __ _ _(_)_ __  __ _ \ \ \ \
( ( )\___ | '_ | '_| | '_ \/ _` | \ \ \ \
 \\/  ___)| |_)| | | | | || (_| |  ) ) ) )
  '  |____| .__|_| |_|_| |_\__, | / / / /
 =========|_|==============|___/=/_/_/_/

 :: Spring Boot ::                (v3.5.8)

2026-03-27T17:23:59.068+08:00  INFO 10221 --- [jchatmind] [  restartedMain] c.kama.jchatmind.JchatmindApplication    : Starting JchatmindApplication using Java 17.0.18 with PID 10221 (/Users/dongmu/Downloads/java项目/JChatMind-main/jchatmind/target/classes started by dongmu in /Users/dongmu/Downloads/java项目/JChatMind-main/jchatmind)
2026-03-27T17:23:59.068+08:00  INFO 10221 --- [jchatmind] [  restartedMain] c.kama.jchatmind.JchatmindApplication    : No active profile set, falling back to 1 default profile: "default"
2026-03-27T17:23:59.239+08:00  INFO 10221 --- [jchatmind] [  restartedMain] o.s.b.w.embedded.tomcat.TomcatWebServer  : Tomcat initialized with port 8080 (http)
2026-03-27T17:23:59.241+08:00  INFO 10221 --- [jchatmind] [  restartedMain] o.apache.catalina.core.StandardService   : Starting service [Tomcat]
2026-03-27T17:23:59.241+08:00  INFO 10221 --- [jchatmind] [  restartedMain] o.apache.catalina.core.StandardEngine    : Starting Servlet engine: [Apache Tomcat/10.1.49]
2026-03-27T17:23:59.254+08:00  INFO 10221 --- [jchatmind] [  restartedMain] o.a.c.c.C.[Tomcat].[localhost].[/]       : Initializing Spring embedded WebApplicationContext
2026-03-27T17:23:59.254+08:00  INFO 10221 --- [jchatmind] [  restartedMain] w.s.c.ServletWebServerApplicationContext : Root WebApplicationContext: initialization completed in 185 ms
2026-03-27T17:23:59.456+08:00  INFO 10221 --- [jchatmind] [  restartedMain] o.s.b.d.a.OptionalLiveReloadServer       : LiveReload server is running on port 35729
2026-03-27T17:23:59.461+08:00  INFO 10221 --- [jchatmind] [  restartedMain] o.s.b.w.embedded.tomcat.TomcatWebServer  : Tomcat started on port 8080 (http) with context path '/'
2026-03-27T17:23:59.464+08:00  INFO 10221 --- [jchatmind] [  restartedMain] c.kama.jchatmind.JchatmindApplication    : Started JchatmindApplication in 0.41 seconds (process running for 260.813)
2026-03-27T17:23:59.465+08:00  INFO 10221 --- [jchatmind] [  restartedMain] .ConditionEvaluationDeltaLoggingListener : Condition evaluation unchanged
2026-03-27T17:24:00.153+08:00  INFO 10221 --- [jchatmind] [nio-8080-exec-1] o.a.c.c.C.[Tomcat].[localhost].[/]       : Initializing Spring DispatcherServlet 'dispatcherServlet'
2026-03-27T17:24:00.154+08:00  INFO 10221 --- [jchatmind] [nio-8080-exec-1] o.s.web.servlet.DispatcherServlet        : Initializing Servlet 'dispatcherServlet'
2026-03-27T17:24:00.157+08:00  INFO 10221 --- [jchatmind] [nio-8080-exec-1] o.s.web.servlet.DispatcherServlet        : Completed initialization in 2 ms
2026-03-27T17:24:01.789+08:00  INFO 10221 --- [jchatmind] [   File Watcher] rtingClassPathChangeChangedEventListener : Restarting due to 174 class path changes (0 additions, 1 deletion, 173 modifications)
2026-03-27T17:24:01.790+08:00  INFO 10221 --- [jchatmind] [       Thread-7] o.s.b.w.e.tomcat.GracefulShutdown        : Commencing graceful shutdown. Waiting for active requests to complete
2026-03-27T17:24:31.794+08:00  INFO 10221 --- [jchatmind] [       Thread-7] o.s.c.support.DefaultLifecycleProcessor  : Shutdown phase 2147482623 ends with 1 bean still running after timeout of 30000ms: [webServerGracefulShutdown]
2026-03-27T17:24:31.845+08:00  INFO 10221 --- [jchatmind] [tomcat-shutdown] o.s.b.w.e.tomcat.GracefulShutdown        : Graceful shutdown aborted with one or more requests still active

  .   ____          _            __ _ _
 /\\ / ___'_ __ _ _(_)_ __  __ _ \ \ \ \
( ( )\___ | '_ | '_| | '_ \/ _` | \ \ \ \
 \\/  ___)| |_)| | | | | || (_| |  ) ) ) )
  '  |____| .__|_| |_|_| |_\__, | / / / /
 =========|_|==============|___/=/_/_/_/

 :: Spring Boot ::                (v3.5.8)

2026-03-27T17:24:33.885+08:00  INFO 10221 --- [jchatmind] [  restartedMain] c.kama.jchatmind.JchatmindApplication    : Starting JchatmindApplication using Java 17.0.18 with PID 10221 (/Users/dongmu/Downloads/java项目/JChatMind-main/jchatmind/target/classes started by dongmu in /Users/dongmu/Downloads/java项目/JChatMind-main/jchatmind)
2026-03-27T17:24:33.885+08:00  INFO 10221 --- [jchatmind] [  restartedMain] c.kama.jchatmind.JchatmindApplication    : No active profile set, falling back to 1 default profile: "default"
2026-03-27T17:24:34.023+08:00  INFO 10221 --- [jchatmind] [  restartedMain] o.s.b.w.embedded.tomcat.TomcatWebServer  : Tomcat initialized with port 8080 (http)
2026-03-27T17:24:34.024+08:00  INFO 10221 --- [jchatmind] [  restartedMain] o.apache.catalina.core.StandardService   : Starting service [Tomcat]
2026-03-27T17:24:34.024+08:00  INFO 10221 --- [jchatmind] [  restartedMain] o.apache.catalina.core.StandardEngine    : Starting Servlet engine: [Apache Tomcat/10.1.49]
2026-03-27T17:24:34.029+08:00  INFO 10221 --- [jchatmind] [  restartedMain] o.a.c.c.C.[Tomcat].[localhost].[/]       : Initializing Spring embedded WebApplicationContext
2026-03-27T17:24:34.029+08:00  INFO 10221 --- [jchatmind] [  restartedMain] w.s.c.ServletWebServerApplicationContext : Root WebApplicationContext: initialization completed in 143 ms
2026-03-27T17:24:34.185+08:00  INFO 10221 --- [jchatmind] [  restartedMain] o.s.b.d.a.OptionalLiveReloadServer       : LiveReload server is running on port 35729
2026-03-27T17:24:34.191+08:00  WARN 10221 --- [jchatmind] [  restartedMain] ConfigServletWebServerApplicationContext : Exception encountered during context initialization - cancelling refresh attempt: org.springframework.context.ApplicationContextException: Failed to start bean 'webServerStartStop'
2026-03-27T17:24:34.195+08:00  INFO 10221 --- [jchatmind] [  restartedMain] .s.b.a.l.ConditionEvaluationReportLogger : 

Error starting ApplicationContext. To display the condition evaluation report re-run your application with 'debug' enabled.
2026-03-27T17:24:34.202+08:00 ERROR 10221 --- [jchatmind] [  restartedMain] o.s.b.d.LoggingFailureAnalysisReporter   : 

***************************
APPLICATION FAILED TO START
***************************

Description:

Web server failed to start. Port 8080 was already in use.

Action:

Identify and stop the process that's listening on port 8080 or configure this application to listen on another port.


  .   ____          _            __ _ _
 /\\ / ___'_ __ _ _(_)_ __  __ _ \ \ \ \
( ( )\___ | '_ | '_| | '_ \/ _` | \ \ \ \
 \\/  ___)| |_)| | | | | || (_| |  ) ) ) )
  '  |____| .__|_| |_|_| |_\__, | / / / /
 =========|_|==============|___/=/_/_/_/

 :: Spring Boot ::                (v3.5.8)

2026-03-27T17:24:35.646+08:00  INFO 10221 --- [jchatmind] [  restartedMain] c.kama.jchatmind.JchatmindApplication    : Starting JchatmindApplication using Java 17.0.18 with PID 10221 (/Users/dongmu/Downloads/java项目/JChatMind-main/jchatmind/target/classes started by dongmu in /Users/dongmu/Downloads/java项目/JChatMind-main/jchatmind)
2026-03-27T17:24:35.646+08:00  INFO 10221 --- [jchatmind] [  restartedMain] c.kama.jchatmind.JchatmindApplication    : No active profile set, falling back to 1 default profile: "default"
2026-03-27T17:24:35.762+08:00  INFO 10221 --- [jchatmind] [  restartedMain] o.s.b.w.embedded.tomcat.TomcatWebServer  : Tomcat initialized with port 8080 (http)
2026-03-27T17:24:35.763+08:00  INFO 10221 --- [jchatmind] [  restartedMain] o.apache.catalina.core.StandardService   : Starting service [Tomcat]
2026-03-27T17:24:35.764+08:00  INFO 10221 --- [jchatmind] [  restartedMain] o.apache.catalina.core.StandardEngine    : Starting Servlet engine: [Apache Tomcat/10.1.49]
2026-03-27T17:24:35.769+08:00  INFO 10221 --- [jchatmind] [  restartedMain] o.a.c.c.C.[Tomcat-1].[localhost].[/]     : Initializing Spring embedded WebApplicationContext
2026-03-27T17:24:35.769+08:00  INFO 10221 --- [jchatmind] [  restartedMain] w.s.c.ServletWebServerApplicationContext : Root WebApplicationContext: initialization completed in 123 ms
2026-03-27T17:24:35.903+08:00  INFO 10221 --- [jchatmind] [  restartedMain] o.s.b.d.a.OptionalLiveReloadServer       : LiveReload server is running on port 35729
2026-03-27T17:24:35.908+08:00  WARN 10221 --- [jchatmind] [  restartedMain] ConfigServletWebServerApplicationContext : Exception encountered during context initialization - cancelling refresh attempt: org.springframework.context.ApplicationContextException: Failed to start bean 'webServerStartStop'
2026-03-27T17:24:35.911+08:00  INFO 10221 --- [jchatmind] [  restartedMain] .s.b.a.l.ConditionEvaluationReportLogger : 

Error starting ApplicationContext. To display the condition evaluation report re-run your application with 'debug' enabled.
2026-03-27T17:24:35.912+08:00 ERROR 10221 --- [jchatmind] [  restartedMain] o.s.b.d.LoggingFailureAnalysisReporter   : 

***************************
APPLICATION FAILED TO START
***************************

Description:

Web server failed to start. Port 8080 was already in use.

Action:

Identify and stop the process that's listening on port 8080 or configure this application to listen on another port.


  .   ____          _            __ _ _
 /\\ / ___'_ __ _ _(_)_ __  __ _ \ \ \ \
( ( )\___ | '_ | '_| | '_ \/ _` | \ \ \ \
 \\/  ___)| |_)| | | | | || (_| |  ) ) ) )
  '  |____| .__|_| |_|_| |_\__, | / / / /
 =========|_|==============|___/=/_/_/_/

 :: Spring Boot ::                (v3.5.8)

2026-03-27T22:54:45.348+08:00  INFO 10221 --- [jchatmind] [  restartedMain] c.kama.jchatmind.JchatmindApplication    : Starting JchatmindApplication using Java 17.0.18 with PID 10221 (/Users/dongmu/Downloads/java项目/JChatMind-main/jchatmind/target/classes started by dongmu in /Users/dongmu/Downloads/java项目/JChatMind-main/jchatmind)
2026-03-27T22:54:45.350+08:00  INFO 10221 --- [jchatmind] [  restartedMain] c.kama.jchatmind.JchatmindApplication    : No active profile set, falling back to 1 default profile: "default"
2026-03-27T22:54:45.579+08:00  INFO 10221 --- [jchatmind] [  restartedMain] o.s.b.w.embedded.tomcat.TomcatWebServer  : Tomcat initialized with port 8080 (http)
2026-03-27T22:54:45.581+08:00  INFO 10221 --- [jchatmind] [  restartedMain] o.apache.catalina.core.StandardService   : Starting service [Tomcat]
2026-03-27T22:54:45.581+08:00  INFO 10221 --- [jchatmind] [  restartedMain] o.apache.catalina.core.StandardEngine    : Starting Servlet engine: [Apache Tomcat/10.1.49]
2026-03-27T22:54:45.587+08:00  INFO 10221 --- [jchatmind] [  restartedMain] o.a.c.c.C.[Tomcat-2].[localhost].[/]     : Initializing Spring embedded WebApplicationContext
2026-03-27T22:54:45.587+08:00  INFO 10221 --- [jchatmind] [  restartedMain] w.s.c.ServletWebServerApplicationContext : Root WebApplicationContext: initialization completed in 233 ms
2026-03-27T22:54:45.792+08:00  INFO 10221 --- [jchatmind] [  restartedMain] o.s.b.d.a.OptionalLiveReloadServer       : LiveReload server is running on port 35729
2026-03-27T22:54:45.798+08:00  INFO 10221 --- [jchatmind] [  restartedMain] o.s.b.w.embedded.tomcat.TomcatWebServer  : Tomcat started on port 8080 (http) with context path '/'
2026-03-27T22:54:45.800+08:00  INFO 10221 --- [jchatmind] [  restartedMain] c.kama.jchatmind.JchatmindApplication    : Started JchatmindApplication in 0.521 seconds (process running for 20107.041)
2026-03-27T22:54:45.802+08:00  INFO 10221 --- [jchatmind] [  restartedMain] .ConditionEvaluationDeltaLoggingListener : Condition evaluation unchanged
2026-03-27T23:02:04.322+08:00  INFO 10221 --- [jchatmind] [   File Watcher] rtingClassPathChangeChangedEventListener : Restarting due to 1 class path change (0 additions, 0 deletions, 1 modification)
2026-03-27T23:02:04.331+08:00  INFO 10221 --- [jchatmind] [      Thread-11] o.s.b.w.e.tomcat.GracefulShutdown        : Commencing graceful shutdown. Waiting for active requests to complete
2026-03-27T23:02:04.333+08:00  INFO 10221 --- [jchatmind] [tomcat-shutdown] o.s.b.w.e.tomcat.GracefulShutdown        : Graceful shutdown complete

  .   ____          _            __ _ _
 /\\ / ___'_ __ _ _(_)_ __  __ _ \ \ \ \
( ( )\___ | '_ | '_| | '_ \/ _` | \ \ \ \
 \\/  ___)| |_)| | | | | || (_| |  ) ) ) )
  '  |____| .__|_| |_|_| |_\__, | / / / /
 =========|_|==============|___/=/_/_/_/

 :: Spring Boot ::                (v3.5.8)

2026-03-27T23:02:04.443+08:00  INFO 10221 --- [jchatmind] [  restartedMain] c.kama.jchatmind.JchatmindApplication    : Starting JchatmindApplication using Java 17.0.18 with PID 10221 (/Users/dongmu/Downloads/java项目/JChatMind-main/jchatmind/target/classes started by dongmu in /Users/dongmu/Downloads/java项目/JChatMind-main/jchatmind)
2026-03-27T23:02:04.443+08:00  INFO 10221 --- [jchatmind] [  restartedMain] c.kama.jchatmind.JchatmindApplication    : No active profile set, falling back to 1 default profile: "default"
2026-03-27T23:02:04.616+08:00  INFO 10221 --- [jchatmind] [  restartedMain] o.s.b.w.embedded.tomcat.TomcatWebServer  : Tomcat initialized with port 8080 (http)
2026-03-27T23:02:04.617+08:00  INFO 10221 --- [jchatmind] [  restartedMain] o.apache.catalina.core.StandardService   : Starting service [Tomcat]
2026-03-27T23:02:04.617+08:00  INFO 10221 --- [jchatmind] [  restartedMain] o.apache.catalina.core.StandardEngine    : Starting Servlet engine: [Apache Tomcat/10.1.49]
2026-03-27T23:02:04.623+08:00  INFO 10221 --- [jchatmind] [  restartedMain] o.a.c.c.C.[Tomcat-2].[localhost].[/]     : Initializing Spring embedded WebApplicationContext
2026-03-27T23:02:04.623+08:00  INFO 10221 --- [jchatmind] [  restartedMain] w.s.c.ServletWebServerApplicationContext : Root WebApplicationContext: initialization completed in 179 ms
2026-03-27T23:02:04.782+08:00  INFO 10221 --- [jchatmind] [  restartedMain] o.s.b.d.a.OptionalLiveReloadServer       : LiveReload server is running on port 35729
2026-03-27T23:02:04.787+08:00  INFO 10221 --- [jchatmind] [  restartedMain] o.s.b.w.embedded.tomcat.TomcatWebServer  : Tomcat started on port 8080 (http) with context path '/'
2026-03-27T23:02:04.789+08:00  INFO 10221 --- [jchatmind] [  restartedMain] c.kama.jchatmind.JchatmindApplication    : Started JchatmindApplication in 0.358 seconds (process running for 20546.03)
2026-03-27T23:02:04.790+08:00  INFO 10221 --- [jchatmind] [  restartedMain] .ConditionEvaluationDeltaLoggingListener : Condition evaluation unchanged
2026-03-27T23:02:29.375+08:00  INFO 10221 --- [jchatmind] [   File Watcher] rtingClassPathChangeChangedEventListener : Restarting due to 173 class path changes (0 additions, 0 deletions, 173 modifications)
2026-03-27T23:02:29.380+08:00  INFO 10221 --- [jchatmind] [      Thread-23] o.s.b.w.e.tomcat.GracefulShutdown        : Commencing graceful shutdown. Waiting for active requests to complete
2026-03-27T23:02:29.382+08:00  INFO 10221 --- [jchatmind] [tomcat-shutdown] o.s.b.w.e.tomcat.GracefulShutdown        : Graceful shutdown complete

  .   ____          _            __ _ _
 /\\ / ___'_ __ _ _(_)_ __  __ _ \ \ \ \
( ( )\___ | '_ | '_| | '_ \/ _` | \ \ \ \
 \\/  ___)| |_)| | | | | || (_| |  ) ) ) )
  '  |____| .__|_| |_|_| |_\__, | / / / /
 =========|_|==============|___/=/_/_/_/

 :: Spring Boot ::                (v3.5.8)

2026-03-27T23:02:29.448+08:00  INFO 10221 --- [jchatmind] [  restartedMain] c.kama.jchatmind.JchatmindApplication    : Starting JchatmindApplication using Java 17.0.18 with PID 10221 (/Users/dongmu/Downloads/java项目/JChatMind-main/jchatmind/target/classes started by dongmu in /Users/dongmu/Downloads/java项目/JChatMind-main/jchatmind)
2026-03-27T23:02:29.448+08:00  INFO 10221 --- [jchatmind] [  restartedMain] c.kama.jchatmind.JchatmindApplication    : No active profile set, falling back to 1 default profile: "default"
2026-03-27T23:02:29.595+08:00  INFO 10221 --- [jchatmind] [  restartedMain] o.s.b.w.embedded.tomcat.TomcatWebServer  : Tomcat initialized with port 8080 (http)
2026-03-27T23:02:29.595+08:00  INFO 10221 --- [jchatmind] [  restartedMain] o.apache.catalina.core.StandardService   : Starting service [Tomcat]
2026-03-27T23:02:29.595+08:00  INFO 10221 --- [jchatmind] [  restartedMain] o.apache.catalina.core.StandardEngine    : Starting Servlet engine: [Apache Tomcat/10.1.49]
2026-03-27T23:02:29.606+08:00  INFO 10221 --- [jchatmind] [  restartedMain] o.a.c.c.C.[Tomcat-2].[localhost].[/]     : Initializing Spring embedded WebApplicationContext
2026-03-27T23:02:29.607+08:00  INFO 10221 --- [jchatmind] [  restartedMain] w.s.c.ServletWebServerApplicationContext : Root WebApplicationContext: initialization completed in 158 ms
2026-03-27T23:02:29.752+08:00  INFO 10221 --- [jchatmind] [  restartedMain] o.s.b.d.a.OptionalLiveReloadServer       : LiveReload server is running on port 35729
2026-03-27T23:02:29.756+08:00  INFO 10221 --- [jchatmind] [  restartedMain] o.s.b.w.embedded.tomcat.TomcatWebServer  : Tomcat started on port 8080 (http) with context path '/'
2026-03-27T23:02:29.759+08:00  INFO 10221 --- [jchatmind] [  restartedMain] c.kama.jchatmind.JchatmindApplication    : Started JchatmindApplication in 0.322 seconds (process running for 20571.0)
2026-03-27T23:02:29.760+08:00  INFO 10221 --- [jchatmind] [  restartedMain] .ConditionEvaluationDeltaLoggingListener : Condition evaluation unchanged
2026-03-27T23:02:48.369+08:00  INFO 10221 --- [jchatmind] [   File Watcher] rtingClassPathChangeChangedEventListener : Restarting due to 173 class path changes (0 additions, 173 deletions, 0 modifications)
2026-03-27T23:02:48.376+08:00  INFO 10221 --- [jchatmind] [      Thread-27] o.s.b.w.e.tomcat.GracefulShutdown        : Commencing graceful shutdown. Waiting for active requests to complete
2026-03-27T23:02:48.378+08:00  INFO 10221 --- [jchatmind] [tomcat-shutdown] o.s.b.w.e.tomcat.GracefulShutdown        : Graceful shutdown complete

  .   ____          _            __ _ _
 /\\ / ___'_ __ _ _(_)_ __  __ _ \ \ \ \
( ( )\___ | '_ | '_| | '_ \/ _` | \ \ \ \
 \\/  ___)| |_)| | | | | || (_| |  ) ) ) )
  '  |____| .__|_| |_|_| |_\__, | / / / /
 =========|_|==============|___/=/_/_/_/

 :: Spring Boot ::                (v3.5.8)

2026-03-27T23:02:48.435+08:00  INFO 10221 --- [jchatmind] [  restartedMain] c.kama.jchatmind.JchatmindApplication    : Starting JchatmindApplication using Java 17.0.18 with PID 10221 (started by dongmu in /Users/dongmu/Downloads/java项目/JChatMind-main/jchatmind)
2026-03-27T23:02:48.435+08:00  INFO 10221 --- [jchatmind] [  restartedMain] c.kama.jchatmind.JchatmindApplication    : No active profile set, falling back to 1 default profile: "default"
2026-03-27T23:02:48.499+08:00  WARN 10221 --- [jchatmind] [  restartedMain] o.m.s.mapper.ClassPathMapperScanner      : No MyBatis mapper was found in '[com.kama.jchatmind]' package. Please check your configuration.
2026-03-27T23:02:48.521+08:00  INFO 10221 --- [jchatmind] [  restartedMain] o.s.b.w.embedded.tomcat.TomcatWebServer  : Tomcat initialized with port 8080 (http)
2026-03-27T23:02:48.521+08:00  INFO 10221 --- [jchatmind] [  restartedMain] o.apache.catalina.core.StandardService   : Starting service [Tomcat]
2026-03-27T23:02:48.521+08:00  INFO 10221 --- [jchatmind] [  restartedMain] o.apache.catalina.core.StandardEngine    : Starting Servlet engine: [Apache Tomcat/10.1.49]
2026-03-27T23:02:48.527+08:00  INFO 10221 --- [jchatmind] [  restartedMain] o.a.c.c.C.[Tomcat-2].[localhost].[/]     : Initializing Spring embedded WebApplicationContext
2026-03-27T23:02:48.527+08:00  INFO 10221 --- [jchatmind] [  restartedMain] w.s.c.ServletWebServerApplicationContext : Root WebApplicationContext: initialization completed in 91 ms
2026-03-27T23:02:48.573+08:00  WARN 10221 --- [jchatmind] [  restartedMain] ConfigServletWebServerApplicationContext : Exception encountered during context initialization - cancelling refresh attempt: org.springframework.beans.factory.BeanCreationException: Error creating bean with name 'dataSource' defined in class path resource [org/springframework/boot/autoconfigure/jdbc/DataSourceConfiguration$Hikari.class]: Failed to instantiate [com.zaxxer.hikari.HikariDataSource]: Factory method 'dataSource' threw exception with message: Failed to determine a suitable driver class
2026-03-27T23:02:48.573+08:00  INFO 10221 --- [jchatmind] [  restartedMain] o.apache.catalina.core.StandardService   : Stopping service [Tomcat]
2026-03-27T23:02:48.576+08:00  INFO 10221 --- [jchatmind] [  restartedMain] .s.b.a.l.ConditionEvaluationReportLogger : 

Error starting ApplicationContext. To display the condition evaluation report re-run your application with 'debug' enabled.
2026-03-27T23:02:48.577+08:00 ERROR 10221 --- [jchatmind] [  restartedMain] o.s.b.d.LoggingFailureAnalysisReporter   : 

***************************
APPLICATION FAILED TO START
***************************

Description:

Failed to configure a DataSource: 'url' attribute is not specified and no embedded datasource could be configured.

Reason: Failed to determine a suitable driver class


Action:

Consider the following:
	If you want an embedded database (H2, HSQL or Derby), please put it on the classpath.
	If you have database settings to be loaded from a particular profile you may need to activate it (no profiles are currently active).


  .   ____          _            __ _ _
 /\\ / ___'_ __ _ _(_)_ __  __ _ \ \ \ \
( ( )\___ | '_ | '_| | '_ \/ _` | \ \ \ \
 \\/  ___)| |_)| | | | | || (_| |  ) ) ) )
  '  |____| .__|_| |_|_| |_\__, | / / / /
 =========|_|==============|___/=/_/_/_/

 :: Spring Boot ::                (v3.5.8)

2026-03-27T23:02:51.005+08:00  INFO 10221 --- [jchatmind] [  restartedMain] c.kama.jchatmind.JchatmindApplication    : Starting JchatmindApplication using Java 17.0.18 with PID 10221 (/Users/dongmu/Downloads/java项目/JChatMind-main/jchatmind/target/classes started by dongmu in /Users/dongmu/Downloads/java项目/JChatMind-main/jchatmind)
2026-03-27T23:02:51.005+08:00  INFO 10221 --- [jchatmind] [  restartedMain] c.kama.jchatmind.JchatmindApplication    : No active profile set, falling back to 1 default profile: "default"
2026-03-27T23:02:51.067+08:00  WARN 10221 --- [jchatmind] [  restartedMain] o.m.s.mapper.ClassPathMapperScanner      : No MyBatis mapper was found in '[com.kama.jchatmind]' package. Please check your configuration.
2026-03-27T23:02:51.086+08:00  INFO 10221 --- [jchatmind] [  restartedMain] o.s.b.w.embedded.tomcat.TomcatWebServer  : Tomcat initialized with port 8080 (http)
2026-03-27T23:02:51.086+08:00  INFO 10221 --- [jchatmind] [  restartedMain] o.apache.catalina.core.StandardService   : Starting service [Tomcat]
2026-03-27T23:02:51.086+08:00  INFO 10221 --- [jchatmind] [  restartedMain] o.apache.catalina.core.StandardEngine    : Starting Servlet engine: [Apache Tomcat/10.1.49]
2026-03-27T23:02:51.091+08:00  INFO 10221 --- [jchatmind] [  restartedMain] o.a.c.c.C.[Tomcat-3].[localhost].[/]     : Initializing Spring embedded WebApplicationContext
2026-03-27T23:02:51.091+08:00  INFO 10221 --- [jchatmind] [  restartedMain] w.s.c.ServletWebServerApplicationContext : Root WebApplicationContext: initialization completed in 84 ms
2026-03-27T23:02:51.133+08:00  WARN 10221 --- [jchatmind] [  restartedMain] ConfigServletWebServerApplicationContext : Exception encountered during context initialization - cancelling refresh attempt: org.springframework.beans.factory.BeanCreationException: Error creating bean with name 'sqlSessionFactory' defined in class path resource [org/mybatis/spring/boot/autoconfigure/MybatisAutoConfiguration.class]: Failed to instantiate [org.apache.ibatis.session.SqlSessionFactory]: Factory method 'sqlSessionFactory' threw exception with message: Failed to parse mapping resource: 'file [/Users/dongmu/Downloads/java项目/JChatMind-main/jchatmind/target/classes/mapper/AgentMapper.xml]'
2026-03-27T23:02:51.133+08:00  INFO 10221 --- [jchatmind] [  restartedMain] o.apache.catalina.core.StandardService   : Stopping service [Tomcat]
2026-03-27T23:02:51.135+08:00  INFO 10221 --- [jchatmind] [  restartedMain] .s.b.a.l.ConditionEvaluationReportLogger : 

Error starting ApplicationContext. To display the condition evaluation report re-run your application with 'debug' enabled.
2026-03-27T23:02:51.136+08:00 ERROR 10221 --- [jchatmind] [  restartedMain] o.s.boot.SpringApplication               : Application run failed

org.springframework.beans.factory.BeanCreationException: Error creating bean with name 'sqlSessionFactory' defined in class path resource [org/mybatis/spring/boot/autoconfigure/MybatisAutoConfiguration.class]: Failed to instantiate [org.apache.ibatis.session.SqlSessionFactory]: Factory method 'sqlSessionFactory' threw exception with message: Failed to parse mapping resource: 'file [/Users/dongmu/Downloads/java项目/JChatMind-main/jchatmind/target/classes/mapper/AgentMapper.xml]'
	at org.springframework.beans.factory.support.ConstructorResolver.instantiate(ConstructorResolver.java:657) ~[spring-beans-6.2.14.jar:6.2.14]
	at org.springframework.beans.factory.support.ConstructorResolver.instantiateUsingFactoryMethod(ConstructorResolver.java:645) ~[spring-beans-6.2.14.jar:6.2.14]
	at org.springframework.beans.factory.support.AbstractAutowireCapableBeanFactory.instantiateUsingFactoryMethod(AbstractAutowireCapableBeanFactory.java:1375) ~[spring-beans-6.2.14.jar:6.2.14]
	at org.springframework.beans.factory.support.AbstractAutowireCapableBeanFactory.createBeanInstance(AbstractAutowireCapableBeanFactory.java:1205) ~[spring-beans-6.2.14.jar:6.2.14]
	at org.springframework.beans.factory.support.AbstractAutowireCapableBeanFactory.doCreateBean(AbstractAutowireCapableBeanFactory.java:569) ~[spring-beans-6.2.14.jar:6.2.14]
	at org.springframework.beans.factory.support.AbstractAutowireCapableBeanFactory.createBean(AbstractAutowireCapableBeanFactory.java:529) ~[spring-beans-6.2.14.jar:6.2.14]
	at org.springframework.beans.factory.support.AbstractBeanFactory.lambda$doGetBean$0(AbstractBeanFactory.java:339) ~[spring-beans-6.2.14.jar:6.2.14]
	at org.springframework.beans.factory.support.DefaultSingletonBeanRegistry.getSingleton(DefaultSingletonBeanRegistry.java:373) ~[spring-beans-6.2.14.jar:6.2.14]
	at org.springframework.beans.factory.support.AbstractBeanFactory.doGetBean(AbstractBeanFactory.java:337) ~[spring-beans-6.2.14.jar:6.2.14]
	at org.springframework.beans.factory.support.AbstractBeanFactory.getBean(AbstractBeanFactory.java:202) ~[spring-beans-6.2.14.jar:6.2.14]
	at org.springframework.beans.factory.support.DefaultListableBeanFactory.instantiateSingleton(DefaultListableBeanFactory.java:1228) ~[spring-beans-6.2.14.jar:6.2.14]
	at org.springframework.beans.factory.support.DefaultListableBeanFactory.preInstantiateSingleton(DefaultListableBeanFactory.java:1194) ~[spring-beans-6.2.14.jar:6.2.14]
	at org.springframework.beans.factory.support.DefaultListableBeanFactory.preInstantiateSingletons(DefaultListableBeanFactory.java:1130) ~[spring-beans-6.2.14.jar:6.2.14]
	at org.springframework.context.support.AbstractApplicationContext.finishBeanFactoryInitialization(AbstractApplicationContext.java:990) ~[spring-context-6.2.14.jar:6.2.14]
	at org.springframework.context.support.AbstractApplicationContext.refresh(AbstractApplicationContext.java:627) ~[spring-context-6.2.14.jar:6.2.14]
	at org.springframework.boot.web.servlet.context.ServletWebServerApplicationContext.refresh(ServletWebServerApplicationContext.java:146) ~[spring-boot-3.5.8.jar:3.5.8]
	at org.springframework.boot.SpringApplication.refresh(SpringApplication.java:752) ~[spring-boot-3.5.8.jar:3.5.8]
	at org.springframework.boot.SpringApplication.refreshContext(SpringApplication.java:439) ~[spring-boot-3.5.8.jar:3.5.8]
	at org.springframework.boot.SpringApplication.run(SpringApplication.java:318) ~[spring-boot-3.5.8.jar:3.5.8]
	at org.springframework.boot.SpringApplication.run(SpringApplication.java:1361) ~[spring-boot-3.5.8.jar:3.5.8]
	at org.springframework.boot.SpringApplication.run(SpringApplication.java:1350) ~[spring-boot-3.5.8.jar:3.5.8]
	at com.kama.jchatmind.JchatmindApplication.main(JchatmindApplication.java:10) ~[classes/:na]
	at java.base/jdk.internal.reflect.NativeMethodAccessorImpl.invoke0(Native Method) ~[na:na]
	at java.base/jdk.internal.reflect.NativeMethodAccessorImpl.invoke(NativeMethodAccessorImpl.java:77) ~[na:na]
	at java.base/jdk.internal.reflect.DelegatingMethodAccessorImpl.invoke(DelegatingMethodAccessorImpl.java:43) ~[na:na]
	at java.base/java.lang.reflect.Method.invoke(Method.java:569) ~[na:na]
	at org.springframework.boot.devtools.restart.RestartLauncher.run(RestartLauncher.java:50) ~[spring-boot-devtools-3.5.8.jar:3.5.8]
Caused by: org.springframework.beans.BeanInstantiationException: Failed to instantiate [org.apache.ibatis.session.SqlSessionFactory]: Factory method 'sqlSessionFactory' threw exception with message: Failed to parse mapping resource: 'file [/Users/dongmu/Downloads/java项目/JChatMind-main/jchatmind/target/classes/mapper/AgentMapper.xml]'
	at org.springframework.beans.factory.support.SimpleInstantiationStrategy.lambda$instantiate$0(SimpleInstantiationStrategy.java:200) ~[spring-beans-6.2.14.jar:6.2.14]
	at org.springframework.beans.factory.support.SimpleInstantiationStrategy.instantiateWithFactoryMethod(SimpleInstantiationStrategy.java:89) ~[spring-beans-6.2.14.jar:6.2.14]
	at org.springframework.beans.factory.support.SimpleInstantiationStrategy.instantiate(SimpleInstantiationStrategy.java:169) ~[spring-beans-6.2.14.jar:6.2.14]
	at org.springframework.beans.factory.support.ConstructorResolver.instantiate(ConstructorResolver.java:653) ~[spring-beans-6.2.14.jar:6.2.14]
	... 26 common frames omitted
Caused by: java.io.IOException: Failed to parse mapping resource: 'file [/Users/dongmu/Downloads/java项目/JChatMind-main/jchatmind/target/classes/mapper/AgentMapper.xml]'
	at org.mybatis.spring.SqlSessionFactoryBean.buildSqlSessionFactory(SqlSessionFactoryBean.java:700) ~[mybatis-spring-3.0.3.jar:3.0.3]
	at org.mybatis.spring.SqlSessionFactoryBean.afterPropertiesSet(SqlSessionFactoryBean.java:577) ~[mybatis-spring-3.0.3.jar:3.0.3]
	at org.mybatis.spring.SqlSessionFactoryBean.getObject(SqlSessionFactoryBean.java:720) ~[mybatis-spring-3.0.3.jar:3.0.3]
	at org.mybatis.spring.boot.autoconfigure.MybatisAutoConfiguration.sqlSessionFactory(MybatisAutoConfiguration.java:189) ~[mybatis-spring-boot-autoconfigure-3.0.3.jar:3.0.3]
	at java.base/jdk.internal.reflect.NativeMethodAccessorImpl.invoke0(Native Method) ~[na:na]
	at java.base/jdk.internal.reflect.NativeMethodAccessorImpl.invoke(NativeMethodAccessorImpl.java:77) ~[na:na]
	at java.base/jdk.internal.reflect.DelegatingMethodAccessorImpl.invoke(DelegatingMethodAccessorImpl.java:43) ~[na:na]
	at java.base/java.lang.reflect.Method.invoke(Method.java:569) ~[na:na]
	at org.springframework.beans.factory.support.SimpleInstantiationStrategy.lambda$instantiate$0(SimpleInstantiationStrategy.java:172) ~[spring-beans-6.2.14.jar:6.2.14]
	... 29 common frames omitted
Caused by: org.apache.ibatis.builder.BuilderException: Error parsing Mapper XML. The XML location is 'file [/Users/dongmu/Downloads/java项目/JChatMind-main/jchatmind/target/classes/mapper/AgentMapper.xml]'. Cause: org.apache.ibatis.builder.BuilderException: Error resolving class. Cause: org.apache.ibatis.type.TypeException: Could not resolve type alias 'com.kama.jchatmind.model.entity.Agent'.  Cause: java.lang.ClassNotFoundException: Cannot find class: com.kama.jchatmind.model.entity.Agent
	at org.apache.ibatis.builder.xml.XMLMapperBuilder.configurationElement(XMLMapperBuilder.java:127) ~[mybatis-3.5.14.jar:3.5.14]
	at org.apache.ibatis.builder.xml.XMLMapperBuilder.parse(XMLMapperBuilder.java:100) ~[mybatis-3.5.14.jar:3.5.14]
	at org.mybatis.spring.SqlSessionFactoryBean.buildSqlSessionFactory(SqlSessionFactoryBean.java:698) ~[mybatis-spring-3.0.3.jar:3.0.3]
	... 37 common frames omitted
Caused by: org.apache.ibatis.builder.BuilderException: Error resolving class. Cause: org.apache.ibatis.type.TypeException: Could not resolve type alias 'com.kama.jchatmind.model.entity.Agent'.  Cause: java.lang.ClassNotFoundException: Cannot find class: com.kama.jchatmind.model.entity.Agent
	at org.apache.ibatis.builder.BaseBuilder.resolveClass(BaseBuilder.java:103) ~[mybatis-3.5.14.jar:3.5.14]
	at org.apache.ibatis.builder.xml.XMLMapperBuilder.resultMapElement(XMLMapperBuilder.java:269) ~[mybatis-3.5.14.jar:3.5.14]
	at org.apache.ibatis.builder.xml.XMLMapperBuilder.resultMapElement(XMLMapperBuilder.java:261) ~[mybatis-3.5.14.jar:3.5.14]
	at org.apache.ibatis.builder.xml.XMLMapperBuilder.resultMapElements(XMLMapperBuilder.java:253) ~[mybatis-3.5.14.jar:3.5.14]
	at org.apache.ibatis.builder.xml.XMLMapperBuilder.configurationElement(XMLMapperBuilder.java:123) ~[mybatis-3.5.14.jar:3.5.14]
	... 39 common frames omitted
Caused by: org.apache.ibatis.type.TypeException: Could not resolve type alias 'com.kama.jchatmind.model.entity.Agent'.  Cause: java.lang.ClassNotFoundException: Cannot find class: com.kama.jchatmind.model.entity.Agent
	at org.apache.ibatis.type.TypeAliasRegistry.resolveAlias(TypeAliasRegistry.java:128) ~[mybatis-3.5.14.jar:3.5.14]
	at org.apache.ibatis.builder.BaseBuilder.resolveAlias(BaseBuilder.java:132) ~[mybatis-3.5.14.jar:3.5.14]
	at org.apache.ibatis.builder.BaseBuilder.resolveClass(BaseBuilder.java:101) ~[mybatis-3.5.14.jar:3.5.14]
	... 43 common frames omitted
Caused by: java.lang.ClassNotFoundException: Cannot find class: com.kama.jchatmind.model.entity.Agent
	at org.apache.ibatis.io.ClassLoaderWrapper.classForName(ClassLoaderWrapper.java:226) ~[mybatis-3.5.14.jar:3.5.14]
	at org.apache.ibatis.io.ClassLoaderWrapper.classForName(ClassLoaderWrapper.java:103) ~[mybatis-3.5.14.jar:3.5.14]
	at org.apache.ibatis.io.Resources.classForName(Resources.java:322) ~[mybatis-3.5.14.jar:3.5.14]
	at org.apache.ibatis.type.TypeAliasRegistry.resolveAlias(TypeAliasRegistry.java:124) ~[mybatis-3.5.14.jar:3.5.14]
	... 45 common frames omitted


  .   ____          _            __ _ _
 /\\ / ___'_ __ _ _(_)_ __  __ _ \ \ \ \
( ( )\___ | '_ | '_| | '_ \/ _` | \ \ \ \
 \\/  ___)| |_)| | | | | || (_| |  ) ) ) )
  '  |____| .__|_| |_|_| |_\__, | / / / /
 =========|_|==============|___/=/_/_/_/

 :: Spring Boot ::                (v3.5.8)

2026-03-27T23:02:54.022+08:00  INFO 10221 --- [jchatmind] [  restartedMain] c.kama.jchatmind.JchatmindApplication    : Starting JchatmindApplication using Java 17.0.18 with PID 10221 (/Users/dongmu/Downloads/java项目/JChatMind-main/jchatmind/target/classes started by dongmu in /Users/dongmu/Downloads/java项目/JChatMind-main/jchatmind)
2026-03-27T23:02:54.022+08:00  INFO 10221 --- [jchatmind] [  restartedMain] c.kama.jchatmind.JchatmindApplication    : No active profile set, falling back to 1 default profile: "default"
2026-03-27T23:02:54.140+08:00  INFO 10221 --- [jchatmind] [  restartedMain] o.s.b.w.embedded.tomcat.TomcatWebServer  : Tomcat initialized with port 8080 (http)
2026-03-27T23:02:54.141+08:00  INFO 10221 --- [jchatmind] [  restartedMain] o.apache.catalina.core.StandardService   : Starting service [Tomcat]
2026-03-27T23:02:54.141+08:00  INFO 10221 --- [jchatmind] [  restartedMain] o.apache.catalina.core.StandardEngine    : Starting Servlet engine: [Apache Tomcat/10.1.49]
2026-03-27T23:02:54.145+08:00  INFO 10221 --- [jchatmind] [  restartedMain] o.a.c.c.C.[Tomcat-4].[localhost].[/]     : Initializing Spring embedded WebApplicationContext
2026-03-27T23:02:54.146+08:00  INFO 10221 --- [jchatmind] [  restartedMain] w.s.c.ServletWebServerApplicationContext : Root WebApplicationContext: initialization completed in 123 ms
2026-03-27T23:02:54.284+08:00  INFO 10221 --- [jchatmind] [  restartedMain] o.s.b.d.a.OptionalLiveReloadServer       : LiveReload server is running on port 35729
2026-03-27T23:02:54.289+08:00  INFO 10221 --- [jchatmind] [  restartedMain] o.s.b.w.embedded.tomcat.TomcatWebServer  : Tomcat started on port 8080 (http) with context path '/'
2026-03-27T23:02:54.291+08:00  INFO 10221 --- [jchatmind] [  restartedMain] c.kama.jchatmind.JchatmindApplication    : Started JchatmindApplication in 0.279 seconds (process running for 20595.532)
2026-03-27T23:02:54.291+08:00  INFO 10221 --- [jchatmind] [  restartedMain] .ConditionEvaluationDeltaLoggingListener : Condition evaluation unchanged
[INFO] ------------------------------------------------------------------------
[INFO] BUILD FAILURE
[INFO] ------------------------------------------------------------------------
[INFO] Total time:  05:44 h
[INFO] Finished at: 2026-03-27T23:03:45+08:00
[INFO] ------------------------------------------------------------------------
[ERROR] Failed to execute goal org.springframework.boot:spring-boot-maven-plugin:3.5.8:run (default-cli) on project jchatmind: Process terminated with exit code: 137 -> [Help 1]
[ERROR] 
[ERROR] To see the full stack trace of the errors, re-run Maven with the -e switch.
[ERROR] Re-run Maven using the -X switch to enable full debug logging.
[ERROR] 
[ERROR] For more information about the errors and possible solutions, please read the following articles:
[ERROR] [Help 1] http://cwiki.apache.org/confluence/display/MAVEN/MojoExecutionException
